<testsuites name="results">
  <testsuite name="all" package="all">
    <property name="random_seed" value="1620958621" />
    <testcase name="test_all" classname="test.test_memLCDdriver" file="/home/zerotoasic/memLCDdriver/test/test_memLCDdriver.py" lineno="46" time="2028.2097771167755" sim_time_ns="107092201.0" ratio_time="52801.34343511455" />
  </testsuite>
</testsuites>
